// Jest Snapshot v1, https://goo.gl/fbAQLP

exports[`Link renders without crashing 1`] = `
<button
  disabled={false}
  onClick={[MockFunction]}
  style={
    Object {
      "marginLeft": "4px",
    }
  }
>
  test
</button>
`;

exports[`Link when button is clicked should trigger click event correctly 1`] = `
<button
  disabled={false}
  onClick={[MockFunction]}
  style={
    Object {
      "marginLeft": "4px",
    }
  }
>
  test
</button>
`;
